Archive member included because of file (symbol)

c:/winavr-20100110/bin/../lib/gcc/avr/4.3.3/../../../../avr/lib/avr51\libc.a(calloc.o)
                              Fmu.o (calloc)
c:/winavr-20100110/bin/../lib/gcc/avr/4.3.3/../../../../avr/lib/avr51\libc.a(malloc.o)
                              BoolPort.o (malloc)
c:/winavr-20100110/bin/../lib/gcc/avr/4.3.3/../../../../avr/lib/avr51\libc.a(realloc.o)
                              VdmSeq.o (realloc)
c:/winavr-20100110/bin/../lib/gcc/avr/4.3.3/../../../../avr/lib/avr51\libc.a(abort.o)
                              TypedValue.o (abort)
c:/winavr-20100110/bin/../lib/gcc/avr/4.3.3/../../../../avr/lib/avr51\libc.a(exit.o)
                              c:/winavr-20100110/bin/../lib/gcc/avr/4.3.3/../../../../avr/lib/avr51/crtm128.o (exit)
c:/winavr-20100110/bin/../lib/gcc/avr/4.3.3/../../../../avr/lib/avr51\libc.a(memcpy.o)
                              c:/winavr-20100110/bin/../lib/gcc/avr/4.3.3/../../../../avr/lib/avr51\libc.a(realloc.o) (memcpy)
c:/winavr-20100110/bin/../lib/gcc/avr/4.3.3/../../../../avr/lib/avr51\libc.a(memset.o)
                              c:/winavr-20100110/bin/../lib/gcc/avr/4.3.3/../../../../avr/lib/avr51\libc.a(calloc.o) (memset)
c:/winavr-20100110/bin/../lib/gcc/avr/4.3.3/../../../../avr/lib/avr51\libc.a(strcmp.o)
                              Fmu.o (strcmp)
c:/winavr-20100110/bin/../lib/gcc/avr/4.3.3/../../../../avr/lib/avr51\libc.a(strcpy.o)
                              Fmu.o (strcpy)
c:/winavr-20100110/bin/../lib/gcc/avr/4.3.3/../../../../avr/lib/avr51\libc.a(addsf3.o)
                              FmuModel.o (__subsf3)
c:/winavr-20100110/bin/../lib/gcc/avr/4.3.3/../../../../avr/lib/avr51\libc.a(addsf3x.o)
                              c:/winavr-20100110/bin/../lib/gcc/avr/4.3.3/../../../../avr/lib/avr51\libc.a(addsf3.o) (__addsf3x)
c:/winavr-20100110/bin/../lib/gcc/avr/4.3.3/../../../../avr/lib/avr51\libc.a(cmpsf2.o)
                              TypedValue.o (__eqsf2)
c:/winavr-20100110/bin/../lib/gcc/avr/4.3.3/../../../../avr/lib/avr51\libc.a(divsf3.o)
                              FmuModel.o (__divsf3)
c:/winavr-20100110/bin/../lib/gcc/avr/4.3.3/../../../../avr/lib/avr51\libc.a(divsf3x.o)
                              c:/winavr-20100110/bin/../lib/gcc/avr/4.3.3/../../../../avr/lib/avr51\libc.a(divsf3.o) (__divsf3x)
c:/winavr-20100110/bin/../lib/gcc/avr/4.3.3/../../../../avr/lib/avr51\libc.a(fixsfsi.o)
                              FmuModel.o (__fixsfsi)
c:/winavr-20100110/bin/../lib/gcc/avr/4.3.3/../../../../avr/lib/avr51\libc.a(fixunssfsi.o)
                              c:/winavr-20100110/bin/../lib/gcc/avr/4.3.3/../../../../avr/lib/avr51\libc.a(fixsfsi.o) (__fixunssfsi)
c:/winavr-20100110/bin/../lib/gcc/avr/4.3.3/../../../../avr/lib/avr51\libc.a(floatsisf.o)
                              main.o (__floatunsisf)
c:/winavr-20100110/bin/../lib/gcc/avr/4.3.3/../../../../avr/lib/avr51\libc.a(floor.o)
                              VdmBasicTypes.o (floor)
c:/winavr-20100110/bin/../lib/gcc/avr/4.3.3/../../../../avr/lib/avr51\libc.a(fp_cmp.o)
                              c:/winavr-20100110/bin/../lib/gcc/avr/4.3.3/../../../../avr/lib/avr51\libc.a(cmpsf2.o) (__fp_cmp)
c:/winavr-20100110/bin/../lib/gcc/avr/4.3.3/../../../../avr/lib/avr51\libc.a(fp_inf.o)
                              c:/winavr-20100110/bin/../lib/gcc/avr/4.3.3/../../../../avr/lib/avr51\libc.a(addsf3x.o) (__fp_inf)
c:/winavr-20100110/bin/../lib/gcc/avr/4.3.3/../../../../avr/lib/avr51\libc.a(fp_mintl.o)
                              c:/winavr-20100110/bin/../lib/gcc/avr/4.3.3/../../../../avr/lib/avr51\libc.a(floor.o) (__fp_mintl)
c:/winavr-20100110/bin/../lib/gcc/avr/4.3.3/../../../../avr/lib/avr51\libc.a(fp_mpack.o)
                              c:/winavr-20100110/bin/../lib/gcc/avr/4.3.3/../../../../avr/lib/avr51\libc.a(floor.o) (__fp_mpack)
c:/winavr-20100110/bin/../lib/gcc/avr/4.3.3/../../../../avr/lib/avr51\libc.a(fp_nan.o)
                              c:/winavr-20100110/bin/../lib/gcc/avr/4.3.3/../../../../avr/lib/avr51\libc.a(addsf3x.o) (__fp_nan)
c:/winavr-20100110/bin/../lib/gcc/avr/4.3.3/../../../../avr/lib/avr51\libc.a(fp_pscA.o)
                              c:/winavr-20100110/bin/../lib/gcc/avr/4.3.3/../../../../avr/lib/avr51\libc.a(addsf3x.o) (__fp_pscA)
c:/winavr-20100110/bin/../lib/gcc/avr/4.3.3/../../../../avr/lib/avr51\libc.a(fp_pscB.o)
                              c:/winavr-20100110/bin/../lib/gcc/avr/4.3.3/../../../../avr/lib/avr51\libc.a(addsf3x.o) (__fp_pscB)
c:/winavr-20100110/bin/../lib/gcc/avr/4.3.3/../../../../avr/lib/avr51\libc.a(fp_round.o)
                              c:/winavr-20100110/bin/../lib/gcc/avr/4.3.3/../../../../avr/lib/avr51\libc.a(addsf3.o) (__fp_round)
c:/winavr-20100110/bin/../lib/gcc/avr/4.3.3/../../../../avr/lib/avr51\libc.a(fp_split3.o)
                              c:/winavr-20100110/bin/../lib/gcc/avr/4.3.3/../../../../avr/lib/avr51\libc.a(addsf3x.o) (__fp_split3)
c:/winavr-20100110/bin/../lib/gcc/avr/4.3.3/../../../../avr/lib/avr51\libc.a(fp_trunc.o)
                              c:/winavr-20100110/bin/../lib/gcc/avr/4.3.3/../../../../avr/lib/avr51\libc.a(floor.o) (__fp_trunc)
c:/winavr-20100110/bin/../lib/gcc/avr/4.3.3/../../../../avr/lib/avr51\libc.a(fp_zero.o)
                              c:/winavr-20100110/bin/../lib/gcc/avr/4.3.3/../../../../avr/lib/avr51\libc.a(addsf3x.o) (__fp_zero)
c:/winavr-20100110/bin/../lib/gcc/avr/4.3.3/../../../../avr/lib/avr51\libc.a(gesf2.o)
                              main.o (__gesf2)
c:/winavr-20100110/bin/../lib/gcc/avr/4.3.3/../../../../avr/lib/avr51\libc.a(mulsf3.o)
                              VdmBasicTypes.o (__mulsf3)
c:/winavr-20100110/bin/../lib/gcc/avr/4.3.3/../../../../avr/lib/avr51\libc.a(mulsf3x.o)
                              c:/winavr-20100110/bin/../lib/gcc/avr/4.3.3/../../../../avr/lib/avr51\libc.a(mulsf3.o) (__mulsf3x)
c:/winavr-20100110/bin/../lib/gcc/avr/4.3.3/../../../../avr/lib/avr51\libc.a(pow.o)
                              VdmBasicTypes.o (pow)
c:/winavr-20100110/bin/../lib/gcc/avr/4.3.3/../../../../avr/lib/avr51\libc.a(exp.o)
                              c:/winavr-20100110/bin/../lib/gcc/avr/4.3.3/../../../../avr/lib/avr51\libc.a(pow.o) (exp)
c:/winavr-20100110/bin/../lib/gcc/avr/4.3.3/../../../../avr/lib/avr51\libc.a(fp_powser.o)
                              c:/winavr-20100110/bin/../lib/gcc/avr/4.3.3/../../../../avr/lib/avr51\libc.a(exp.o) (__fp_powser)
c:/winavr-20100110/bin/../lib/gcc/avr/4.3.3/../../../../avr/lib/avr51\libc.a(inverse.o)
                              c:/winavr-20100110/bin/../lib/gcc/avr/4.3.3/../../../../avr/lib/avr51\libc.a(exp.o) (inverse)
c:/winavr-20100110/bin/../lib/gcc/avr/4.3.3/../../../../avr/lib/avr51\libc.a(ldexp.o)
                              c:/winavr-20100110/bin/../lib/gcc/avr/4.3.3/../../../../avr/lib/avr51\libc.a(exp.o) (ldexp)
c:/winavr-20100110/bin/../lib/gcc/avr/4.3.3/../../../../avr/lib/avr51\libc.a(log.o)
                              c:/winavr-20100110/bin/../lib/gcc/avr/4.3.3/../../../../avr/lib/avr51\libc.a(pow.o) (log)
c:/winavr-20100110/bin/../lib/gcc/avr/4.3.3/../../../../avr/lib/avr51\libc.a(modf.o)
                              c:/winavr-20100110/bin/../lib/gcc/avr/4.3.3/../../../../avr/lib/avr51\libc.a(exp.o) (modf)
c:/winavr-20100110/bin/../lib/gcc/avr/4.3.3/avr51\libgcc.a(_mulsi3.o)
                              VdmBasicTypes.o (__mulsi3)
c:/winavr-20100110/bin/../lib/gcc/avr/4.3.3/avr51\libgcc.a(_exit.o)
                              c:/winavr-20100110/bin/../lib/gcc/avr/4.3.3/../../../../avr/lib/avr51\libc.a(abort.o) (_exit)
c:/winavr-20100110/bin/../lib/gcc/avr/4.3.3/avr51\libgcc.a(_clear_bss.o)
                              BoolPort.o (__do_clear_bss)

Allocating common symbols
Common symbol       size              file

g_fmiCallbackFunctions
                    0x2               Fmu.o
__brkval            0x2               c:/winavr-20100110/bin/../lib/gcc/avr/4.3.3/../../../../avr/lib/avr51\libc.a(malloc.o)
fmiBuffer           0x40              Fmu.o
g_fmiInstanceName   0x2               Fmu.o
__flp               0x2               c:/winavr-20100110/bin/../lib/gcc/avr/4.3.3/../../../../avr/lib/avr51\libc.a(malloc.o)

Memory Configuration

Name             Origin             Length             Attributes
text             0x00000000         0x00020000         xr
data             0x00800060         0x0000ffa0         rw !x
eeprom           0x00810000         0x00010000         rw !x
fuse             0x00820000         0x00000400         rw !x
lock             0x00830000         0x00000400         rw !x
signature        0x00840000         0x00000400         rw !x
*default*        0x00000000         0xffffffff

Linker script and memory map

Address of section .data set to 0x800100
LOAD c:/winavr-20100110/bin/../lib/gcc/avr/4.3.3/../../../../avr/lib/avr51/crtm128.o
LOAD adcutil.o
LOAD main.o
LOAD BoolPort.o
LOAD Controller.o
LOAD Fmu.o
LOAD FmuModel.o
LOAD HardwareInterface.o
LOAD IntPort.o
LOAD Port.o
LOAD RealPort.o
LOAD RobotSensor.o
LOAD RobotServo.o
LOAD StringPort.o
LOAD System.o
LOAD World.o
LOAD CSVLib.o
LOAD IOLib.o
LOAD MATHLib.o
LOAD PatternBindMatch.o
LOAD PrettyPrint.o
LOAD TypedValue.o
LOAD VdmBasicTypes.o
LOAD VdmClass.o
LOAD VdmGC.o
LOAD VdmMap.o
LOAD VdmProduct.o
LOAD VdmSeq.o
LOAD VdmSet.o
LOAD VdmUnpackString.o
LOAD c:/winavr-20100110/bin/../lib/gcc/avr/4.3.3/../../../../avr/lib/avr51\libc.a
LOAD c:/winavr-20100110/bin/../lib/gcc/avr/4.3.3/../../../../avr/lib/avr51\libm.a
LOAD c:/winavr-20100110/bin/../lib/gcc/avr/4.3.3/avr51\libgcc.a
LOAD c:/winavr-20100110/bin/../lib/gcc/avr/4.3.3/../../../../avr/lib/avr51\libc.a
LOAD c:/winavr-20100110/bin/../lib/gcc/avr/4.3.3/avr51\libgcc.a

.hash
 *(.hash)

.dynsym
 *(.dynsym)

.dynstr
 *(.dynstr)

.gnu.version
 *(.gnu.version)

.gnu.version_d
 *(.gnu.version_d)

.gnu.version_r
 *(.gnu.version_r)

.rel.init
 *(.rel.init)

.rela.init
 *(.rela.init)

.rel.text
 *(.rel.text)
 *(.rel.text.*)
 *(.rel.gnu.linkonce.t*)

.rela.text
 *(.rela.text)
 *(.rela.text.*)
 *(.rela.gnu.linkonce.t*)

.rel.fini
 *(.rel.fini)

.rela.fini
 *(.rela.fini)

.rel.rodata
 *(.rel.rodata)
 *(.rel.rodata.*)
 *(.rel.gnu.linkonce.r*)

.rela.rodata
 *(.rela.rodata)
 *(.rela.rodata.*)
 *(.rela.gnu.linkonce.r*)

.rel.data
 *(.rel.data)
 *(.rel.data.*)
 *(.rel.gnu.linkonce.d*)

.rela.data
 *(.rela.data)
 *(.rela.data.*)
 *(.rela.gnu.linkonce.d*)

.rel.ctors
 *(.rel.ctors)

.rela.ctors
 *(.rela.ctors)

.rel.dtors
 *(.rel.dtors)

.rela.dtors
 *(.rela.dtors)

.rel.got
 *(.rel.got)

.rela.got
 *(.rela.got)

.rel.bss
 *(.rel.bss)

.rela.bss
 *(.rela.bss)

.rel.plt
 *(.rel.plt)

.rela.plt
 *(.rela.plt)

.text           0x00000000     0x7b22
 *(.vectors)
 .vectors       0x00000000       0x8c c:/winavr-20100110/bin/../lib/gcc/avr/4.3.3/../../../../avr/lib/avr51/crtm128.o
                0x00000000                __vectors
                0x00000000                __vector_default
 *(.vectors)
 *(.progmem.gcc*)
 .progmem.gcc_fplib
                0x0000008c       0x28 c:/winavr-20100110/bin/../lib/gcc/avr/4.3.3/../../../../avr/lib/avr51\libc.a(exp.o)
 .progmem.gcc_fplib
                0x000000b4       0x5a c:/winavr-20100110/bin/../lib/gcc/avr/4.3.3/../../../../avr/lib/avr51\libc.a(log.o)
 *(.progmem*)
                0x0000010e                . = ALIGN (0x2)
                0x0000010e                __trampolines_start = .
 *(.trampolines)
 .trampolines   0x0000010e        0x0 linker stubs
 *(.trampolines*)
                0x0000010e                __trampolines_end = .
 *(.jumptables)
 *(.jumptables*)
 *(.lowtext)
 *(.lowtext*)
                0x0000010e                __ctors_start = .
 *(.ctors)
                0x0000010e                __ctors_end = .
                0x0000010e                __dtors_start = .
 *(.dtors)
                0x0000010e                __dtors_end = .
 SORT(*)(.ctors)
 SORT(*)(.dtors)
 *(.init0)
 .init0         0x0000010e        0x0 c:/winavr-20100110/bin/../lib/gcc/avr/4.3.3/../../../../avr/lib/avr51/crtm128.o
                0x0000010e                __init
 *(.init0)
 *(.init1)
 *(.init1)
 *(.init2)
 .init2         0x0000010e        0xc c:/winavr-20100110/bin/../lib/gcc/avr/4.3.3/../../../../avr/lib/avr51/crtm128.o
 *(.init2)
 *(.init3)
 *(.init3)
 *(.init4)
 .init4         0x0000011a       0x1a c:/winavr-20100110/bin/../lib/gcc/avr/4.3.3/../../../../avr/lib/avr51/crtm128.o
                0x0000011a                __do_copy_data
 .init4         0x00000134       0x10 c:/winavr-20100110/bin/../lib/gcc/avr/4.3.3/avr51\libgcc.a(_clear_bss.o)
                0x00000134                __do_clear_bss
 *(.init4)
 *(.init5)
 *(.init5)
 *(.init6)
 *(.init6)
 *(.init7)
 *(.init7)
 *(.init8)
 *(.init8)
 *(.init9)
 .init9         0x00000144        0x8 c:/winavr-20100110/bin/../lib/gcc/avr/4.3.3/../../../../avr/lib/avr51/crtm128.o
 *(.init9)
 *(.text)
 .text          0x0000014c        0x4 c:/winavr-20100110/bin/../lib/gcc/avr/4.3.3/../../../../avr/lib/avr51/crtm128.o
                0x0000014c                __vector_22
                0x0000014c                __vector_28
                0x0000014c                __vector_1
                0x0000014c                __vector_32
                0x0000014c                __vector_34
                0x0000014c                __vector_24
                0x0000014c                __vector_12
                0x0000014c                __bad_interrupt
                0x0000014c                __vector_6
                0x0000014c                __vector_31
                0x0000014c                __vector_3
                0x0000014c                __vector_23
                0x0000014c                __vector_30
                0x0000014c                __vector_25
                0x0000014c                __vector_11
                0x0000014c                __vector_13
                0x0000014c                __vector_17
                0x0000014c                __vector_19
                0x0000014c                __vector_7
                0x0000014c                __vector_27
                0x0000014c                __vector_5
                0x0000014c                __vector_33
                0x0000014c                __vector_4
                0x0000014c                __vector_9
                0x0000014c                __vector_2
                0x0000014c                __vector_21
                0x0000014c                __vector_15
                0x0000014c                __vector_29
                0x0000014c                __vector_8
                0x0000014c                __vector_26
                0x0000014c                __vector_14
                0x0000014c                __vector_10
                0x0000014c                __vector_16
                0x0000014c                __vector_18
                0x0000014c                __vector_20
 .text          0x00000150       0x22 adcutil.o
                0x00000150                InitADC
                0x0000015a                ReadADC
 .text          0x00000172      0x236 main.o
                0x00000172                fmuLoggerCache
                0x00000180                main
 .text          0x000003a8      0x198 BoolPort.o
                0x000003ce                BoolPort_free_fields
                0x000004fc                _Z8BoolPortEB
                0x000003ac                BoolPort_static_init
                0x0000043e                BoolPort_Constructor
                0x000004e8                _Z8BoolPortEV
                0x000003aa                BoolPort_const_shutdown
                0x000003a8                BoolPort_const_init
                0x000003ae                BoolPort_static_shutdown
 .text          0x00000540      0x868 Controller.o
                0x000005ac                Controller_Constructor
                0x00000540                Controller_static_init
                0x00000542                Controller_static_shutdown
                0x00000552                Controller_free_fields
                0x00000544                Controller_const_shutdown
                0x00000d96                Controller_const_init
                0x0000062c                _Z10ControllerE10CRobotServo10CRobotServo11CRobotSensor11CRobotSensor
                0x00000618                _Z10ControllerEV
 .text          0x00000da8      0x37c Fmu.o
                0x00000f8c                fmi2SetRealInputDerivatives
                0x00000dbc                fmi2ExitInitializationMode
                0x00000f90                fmi2GetRealOutputDerivatives
                0x00000fac                fmi2GetMaxStepsize
                0x00000fa8                fmi2GetStringStatus
                0x00000f78                fmi2FreeFMUstate
                0x00000f6c                fmi2SetString
                0x00000dc4                fmi2Reset
                0x00000f7c                fmi2SerializedFMUstateSize
                0x00000ea0                fmi2GetString
                0x00000f94                fmi2CancelStep
                0x00000f84                fmi2DeSerializeFMUstate
                0x00000dc0                fmi2Terminate
                0x00000fa0                fmi2GetIntegerStatus
                0x00000db8                fmi2EnterInitializationMode
                0x00000f70                fmi2GetFMUstate
                0x00000f80                fmi2SerializeFMUstate
                0x00000ef0                fmi2SetInteger
                0x00000fca                fmi2DoStep
                0x00000ea4                fmi2SetReal
                0x00000e24                fmi2GetInteger
                0x00000f9c                fmi2GetRealStatus
                0x00000f88                fmi2GetDirectionalDerivative
                0x00000e62                fmi2GetBoolean
                0x00000fa4                fmi2GetBooleanStatus
                0x00000dce                fmi2GetTypesPlatform
                0x00000f74                fmi2SetFMUstate
                0x00000dd4                fmi2SetDebugLogging
                0x00000f98                fmi2GetStatus
                0x00000f2e                fmi2SetBoolean
                0x00000dd8                fmi2GetReal
                0x0000101a                fmi2Instantiate
                0x00001014                fmi2FreeInstance
                0x00000da8                fmi2SetupExperiment
                0x00000dc8                fmi2GetVersion
 .text          0x00001124      0x6b2 FmuModel.o
                0x0000155c                syncInputsToModel
                0x0000148c                syncOutputsToBuffers
                0x00001388                systemDeInit
                0x000011ae                systemMain
                0x000013f2                systemInit
                0x00001124                periodic_taskg_System_controller__Z12control_loopEV
                0x000011e6                vdmStep
 .text          0x000017d6      0x1fc HardwareInterface.o
                0x000018d0                HardwareInterface_const_shutdown
                0x00001966                HardwareInterface_const_init
                0x00001892                _Z17HardwareInterfaceEV
                0x000017d6                HardwareInterface_static_init
                0x000017d8                HardwareInterface_static_shutdown
                0x000017da                HardwareInterface_Constructor
                0x00001902                HardwareInterface_free_fields
 .text          0x000019d2      0x19a IntPort.o
                0x00001b14                _Z7IntPortEV
                0x000019d6                IntPort_static_init
                0x000019f8                IntPort_free_fields
                0x000019d2                IntPort_const_init
                0x00001b28                _Z7IntPortEI
                0x000019d8                IntPort_static_shutdown
                0x000019d4                IntPort_const_shutdown
                0x00001a68                IntPort_Constructor
 .text          0x00001b6c       0xb0 Port.o
                0x00001b76                Port_static_init
                0x00001b92                Port_Constructor
                0x00001b6c                Port_free_fields
                0x00001bfc                Port_const_shutdown
                0x00001c0a                Port_const_init
                0x00001b78                Port_static_shutdown
                0x00001bbe                _Z4PortEV
 .text          0x00001c1c      0x19e RealPort.o
                0x00001c1c                RealPort_const_init
                0x00001c20                RealPort_static_init
                0x00001cb2                RealPort_Constructor
                0x00001d76                _Z8RealPortER
                0x00001d62                _Z8RealPortEV
                0x00001c22                RealPort_static_shutdown
                0x00001c1e                RealPort_const_shutdown
                0x00001c42                RealPort_free_fields
 .text          0x00001dba      0x18a RobotSensor.o
                0x00001f32                RobotSensor_const_init
                0x00001dbc                RobotSensor_static_shutdown
                0x00001ebc                _Z11RobotSensorEV
                0x00001e1e                RobotSensor_const_shutdown
                0x00001ed0                _Z11RobotSensorE8CRealPort
                0x00001dba                RobotSensor_static_init
                0x00001e60                RobotSensor_Constructor
                0x00001e2c                RobotSensor_free_fields
 .text          0x00001f44      0x19a RobotServo.o
                0x00001f44                RobotServo_static_init
                0x00002056                _Z10RobotServoEV
                0x00001f46                RobotServo_static_shutdown
                0x00001fb4                RobotServo_const_shutdown
                0x0000206a                _Z10RobotServoE8CRealPort
                0x00001fc2                RobotServo_free_fields
                0x000020cc                RobotServo_const_init
                0x00001ff6                RobotServo_Constructor
 .text          0x000020de      0x1ae StringPort.o
                0x000020e2                StringPort_static_init
                0x000020e4                StringPort_static_shutdown
                0x000020de                StringPort_const_init
                0x00002174                StringPort_Constructor
                0x00002104                StringPort_free_fields
                0x000020e0                StringPort_const_shutdown
                0x00002234                _Z10StringPortEV
                0x00002248                _Z10StringPortE1QC
 .text          0x0000228c      0x1f6 System.o
                0x0000228c                System_free_fields
                0x00002470                System_const_init
                0x00002456                System_static_init
                0x00002448                System_const_shutdown
                0x000022d2                _Z6SystemEV
                0x0000242e                System_static_shutdown
                0x000022a6                System_Constructor
 .text          0x00002482       0xbe World.o
                0x000024b6                World_Constructor
                0x0000249a                World_static_init
                0x0000252e                World_const_init
                0x000024e2                _Z5WorldEV
                0x00002520                World_const_shutdown
                0x00002482                World_free_fields
                0x0000249c                World_static_shutdown
 .text          0x00002540        0x0 CSVLib.o
 .text          0x00002540        0x0 IOLib.o
 .text          0x00002540        0x0 MATHLib.o
 .text          0x00002540        0x0 PatternBindMatch.o
 .text          0x00002540        0x0 PrettyPrint.o
 .text          0x00002540      0xa04 TypedValue.o
                0x00002e78                newCollectionWithValuesGC
                0x00002e10                newCollectionGC
                0x0000274c                equals
                0x00002a02                vdmEquals
                0x000029b2                newQuote
                0x0000263c                vdmFree
                0x00002a0c                newInt
                0x000028ba                collectionEqual
                0x0000288a                vdmInEqualsGC
                0x00002d2a                newCollectionWithValues
                0x00002ef8                newToken
                0x00002da8                newCollectionPreallocGC
                0x000029c4                newChar
                0x000028a4                vdmEqualsGC
                0x00002cce                newCollection
                0x0000295c                vdmCollectionSize
                0x00002540                vdmFree_GCInternal
                0x00002bb8                vdmCollectionIndex
                0x00002976                newTypeValue
                0x000029f4                vdmInEquals
                0x000029e2                newBool
                0x00002c50                newCollectionWithValuesPrealloc
                0x00002bf4                newCollectionPrealloc
                0x00002a1e                vdmClone
                0x000029d6                newReal
 .text          0x00002f44     0x1486 VdmBasicTypes.o
                0x0000416e                vdmProduct
                0x000035b8                vdmGreaterThan
                0x00003b20                vdmRemGC
                0x0000353a                vdmGreaterOrEqual
                0x00002f8e                toInteger
                0x00002f44                isNumber
                0x000032a8                isIntGC
                0x000034bc                vdmLessThan
                0x00003bee                vdmDivGC
                0x00004200                vdmDifference
                0x0000343e                vdmLessOrEqual
                0x00003316                vdmImpliesGC
                0x000036cc                isReal
                0x00003812                vdmAnd
                0x00003290                isRealGC
                0x00002f5a                toDouble
                0x00003e84                vdmFloorGC
                0x000040c4                vdmDiv
                0x00004324                vdmFloor
                0x00003efc                vdmMinusGC
                0x00003636                vdmNumericEqual
                0x000033a0                vdmOrGC
                0x00003870                vdmPowerGC
                0x000036b4                isBool
                0x000036e4                isInt
                0x00003418                vdmNotGC
                0x00003944                vdmPower
                0x00003de4                vdmSumGC
                0x00003164                vdmGreaterThanGC
                0x000039a2                vdmDivision
                0x0000438c                vdmMinus
                0x000033de                vdmAndGC
                0x000032c0                vdmBiimplicationGC
                0x00003d44                vdmDifferenceGC
                0x000038da                vdmDivisionGC
                0x000030da                vdmGreaterOrEqualGC
                0x00003354                vdmXorGC
                0x00003278                isBoolGC
                0x00003a4e                vdmModGC
                0x00004292                vdmSum
                0x00003f3c                vdmMod
                0x0000434a                vdmAbs
                0x00003ca4                vdmProductGC
                0x00002fc6                vdmLessOrEqualGC
                0x000031ee                vdmNumericEqualGC
                0x000036fc                vdmBiimplication
                0x00003eb6                vdmAbsGC
                0x00004002                vdmRem
                0x00002fb6                toBool
                0x00003050                vdmLessThanGC
                0x00003750                vdmImplies
                0x0000378c                vdmXor
                0x0000384a                vdmNot
                0x000037d6                vdmOr
 .text          0x000043ca       0x5e VdmClass.o
                0x000043ca                newClassValue
 .text          0x00004428      0x598 VdmGC.o
                0x00004500                newRealGC
                0x00004576                vdmCloneGC
                0x00004962                vdm_gc_shutdown
                0x0000484e                vdm_gc
                0x000047dc                remove_allocd_mem_node_by_location
                0x000044ec                newCharGC
                0x0000454a                vdm_gc_init
                0x00004522                newBoolGC
                0x000044d8                newQuoteGC
                0x0000476a                remove_allocd_mem_node
                0x00004536                newIntGC
                0x0000447a                newTypeValueGC
                0x00004428                add_allocd_mem_node
                0x00004712                newTokenGC
 .text          0x000049c0        0x0 VdmMap.o
 .text          0x000049c0        0x0 VdmProduct.o
 .text          0x000049c0      0x9e8 VdmSeq.o
                0x000052fe                vdmSeqTl
                0x00004b00                vdmSeqReverseGC
                0x00004eb2                vdmSeqLenGC
                0x00004a8c                vdmSeqIndexGC
                0x00004cbc                vdmSeqTlGC
                0x00004a6a                vdmSeqHd
                0x000051f6                vdmSeqConc
                0x00004bb4                vdmSeqConcGC
                0x00005132                newSeqWithValues
                0x000050b6                newSeqVar
                0x00004e22                vdmSeqInds
                0x0000513c                newSeq
                0x00004efe                vdmSeqGrow
                0x00004a1a                vdmSeqIndex
                0x00004f54                newSeqVarToGrow
                0x00004ece                vdmSeqFit
                0x00004e00                vdmSeqElemsGC
                0x00005144                vdmSeqReverse
                0x00004d68                vdmSeqLen
                0x00004ade                vdmSeqHdGC
                0x00004d84                vdmSeqIndsGC
                0x00005036                newSeqVarGC
                0x000049c0                vdmSeqUpdate
                0x00004e92                vdmSeqElems
 .text          0x000053a8     0x1afc VdmSet.o
                0x00006646                vdmSetDunionGC
                0x00006154                vdmSetInter
                0x0000628a                vdmSetDinter
                0x00005a5a                vdmSetUnion
                0x00006840                vdmSetDifferenceGC
                0x000053de                vdmSetCardGC
                0x00006340                vdmSetEnumerateSetOfInts
                0x00006728                newSetWithValuesGC
                0x000056de                vdmSetEquals
                0x00005640                vdmSetSubset
                0x00005da0                vdmSetPower
                0x0000544e                vdmSetMemberOfGC
                0x00005416                vdmSetNotEqualsGC
                0x00005f58                vdmSetDunion
                0x000053a8                vdmSetElementAt
                0x000055f4                vdmSetProperSubsetGC
                0x00005432                vdmSetNotEquals
                0x000053fa                vdmSetCard
                0x00006538                newSetVarGC
                0x00005b9e                newSetVarToGrow
                0x000057d0                vdmSetNotMemberOf
                0x00006aa8                vdmSetDinterGC
                0x00006022                vdmSetDifference
                0x000054d2                vdmSetMemberOf
                0x0000579c                vdmSetNotMemberOfGC
                0x00006972                vdmSetInterGC
                0x0000588a                vdmSetElementAtGC
                0x0000554a                vdmSetSubsetGC
                0x00006b6a                vdmSetUnionGC
                0x00006440                newSetVarToGrowGC
                0x00005752                vdmSetProperSubset
                0x000058c2                vdmSetFit
                0x000058f2                vdmSetGrow
                0x0000594e                newSetWithValues
                0x00006cba                vdmSetPowerGC
                0x00005c92                newSetVar
 .text          0x00006ea4       0x68 VdmUnpackString.o
                0x00006ea4                unpackString
 .text          0x00006f0c        0x0 c:/winavr-20100110/bin/../lib/gcc/avr/4.3.3/../../../../avr/lib/avr51\libc.a(calloc.o)
 .text          0x00006f0c        0x0 c:/winavr-20100110/bin/../lib/gcc/avr/4.3.3/../../../../avr/lib/avr51\libc.a(malloc.o)
 .text          0x00006f0c        0x0 c:/winavr-20100110/bin/../lib/gcc/avr/4.3.3/../../../../avr/lib/avr51\libc.a(realloc.o)
 .text          0x00006f0c        0x0 c:/winavr-20100110/bin/../lib/gcc/avr/4.3.3/../../../../avr/lib/avr51\libc.a(abort.o)
 .text          0x00006f0c        0x0 c:/winavr-20100110/bin/../lib/gcc/avr/4.3.3/../../../../avr/lib/avr51\libc.a(exit.o)
 .text          0x00006f0c        0x0 c:/winavr-20100110/bin/../lib/gcc/avr/4.3.3/../../../../avr/lib/avr51\libc.a(memcpy.o)
 .text          0x00006f0c        0x0 c:/winavr-20100110/bin/../lib/gcc/avr/4.3.3/../../../../avr/lib/avr51\libc.a(memset.o)
 .text          0x00006f0c        0x0 c:/winavr-20100110/bin/../lib/gcc/avr/4.3.3/../../../../avr/lib/avr51\libc.a(strcmp.o)
 .text          0x00006f0c        0x0 c:/winavr-20100110/bin/../lib/gcc/avr/4.3.3/../../../../avr/lib/avr51\libc.a(strcpy.o)
 .text          0x00006f0c        0x0 c:/winavr-20100110/bin/../lib/gcc/avr/4.3.3/../../../../avr/lib/avr51\libc.a(addsf3.o)
 .text          0x00006f0c        0x0 c:/winavr-20100110/bin/../lib/gcc/avr/4.3.3/../../../../avr/lib/avr51\libc.a(addsf3x.o)
 .text          0x00006f0c        0x0 c:/winavr-20100110/bin/../lib/gcc/avr/4.3.3/../../../../avr/lib/avr51\libc.a(cmpsf2.o)
 .text          0x00006f0c        0x0 c:/winavr-20100110/bin/../lib/gcc/avr/4.3.3/../../../../avr/lib/avr51\libc.a(divsf3.o)
 .text          0x00006f0c        0x0 c:/winavr-20100110/bin/../lib/gcc/avr/4.3.3/../../../../avr/lib/avr51\libc.a(divsf3x.o)
 .text          0x00006f0c        0x0 c:/winavr-20100110/bin/../lib/gcc/avr/4.3.3/../../../../avr/lib/avr51\libc.a(fixsfsi.o)
 .text          0x00006f0c        0x0 c:/winavr-20100110/bin/../lib/gcc/avr/4.3.3/../../../../avr/lib/avr51\libc.a(fixunssfsi.o)
 .text          0x00006f0c        0x0 c:/winavr-20100110/bin/../lib/gcc/avr/4.3.3/../../../../avr/lib/avr51\libc.a(floatsisf.o)
 .text          0x00006f0c        0x0 c:/winavr-20100110/bin/../lib/gcc/avr/4.3.3/../../../../avr/lib/avr51\libc.a(floor.o)
 .text          0x00006f0c        0x0 c:/winavr-20100110/bin/../lib/gcc/avr/4.3.3/../../../../avr/lib/avr51\libc.a(fp_cmp.o)
 .text          0x00006f0c        0x0 c:/winavr-20100110/bin/../lib/gcc/avr/4.3.3/../../../../avr/lib/avr51\libc.a(fp_inf.o)
 .text          0x00006f0c        0x0 c:/winavr-20100110/bin/../lib/gcc/avr/4.3.3/../../../../avr/lib/avr51\libc.a(fp_mintl.o)
 .text          0x00006f0c        0x0 c:/winavr-20100110/bin/../lib/gcc/avr/4.3.3/../../../../avr/lib/avr51\libc.a(fp_mpack.o)
 .text          0x00006f0c        0x0 c:/winavr-20100110/bin/../lib/gcc/avr/4.3.3/../../../../avr/lib/avr51\libc.a(fp_nan.o)
 .text          0x00006f0c        0x0 c:/winavr-20100110/bin/../lib/gcc/avr/4.3.3/../../../../avr/lib/avr51\libc.a(fp_pscA.o)
 .text          0x00006f0c        0x0 c:/winavr-20100110/bin/../lib/gcc/avr/4.3.3/../../../../avr/lib/avr51\libc.a(fp_pscB.o)
 .text          0x00006f0c        0x0 c:/winavr-20100110/bin/../lib/gcc/avr/4.3.3/../../../../avr/lib/avr51\libc.a(fp_round.o)
 .text          0x00006f0c        0x0 c:/winavr-20100110/bin/../lib/gcc/avr/4.3.3/../../../../avr/lib/avr51\libc.a(fp_split3.o)
 .text          0x00006f0c        0x0 c:/winavr-20100110/bin/../lib/gcc/avr/4.3.3/../../../../avr/lib/avr51\libc.a(fp_trunc.o)
 .text          0x00006f0c        0x0 c:/winavr-20100110/bin/../lib/gcc/avr/4.3.3/../../../../avr/lib/avr51\libc.a(fp_zero.o)
 .text          0x00006f0c        0x0 c:/winavr-20100110/bin/../lib/gcc/avr/4.3.3/../../../../avr/lib/avr51\libc.a(gesf2.o)
 .text          0x00006f0c        0x0 c:/winavr-20100110/bin/../lib/gcc/avr/4.3.3/../../../../avr/lib/avr51\libc.a(mulsf3.o)
 .text          0x00006f0c        0x0 c:/winavr-20100110/bin/../lib/gcc/avr/4.3.3/../../../../avr/lib/avr51\libc.a(mulsf3x.o)
 .text          0x00006f0c        0x0 c:/winavr-20100110/bin/../lib/gcc/avr/4.3.3/../../../../avr/lib/avr51\libc.a(pow.o)
 .text          0x00006f0c        0x0 c:/winavr-20100110/bin/../lib/gcc/avr/4.3.3/../../../../avr/lib/avr51\libc.a(exp.o)
 .text          0x00006f0c        0x0 c:/winavr-20100110/bin/../lib/gcc/avr/4.3.3/../../../../avr/lib/avr51\libc.a(fp_powser.o)
 .text          0x00006f0c        0x0 c:/winavr-20100110/bin/../lib/gcc/avr/4.3.3/../../../../avr/lib/avr51\libc.a(inverse.o)
 .text          0x00006f0c        0x0 c:/winavr-20100110/bin/../lib/gcc/avr/4.3.3/../../../../avr/lib/avr51\libc.a(ldexp.o)
 .text          0x00006f0c        0x0 c:/winavr-20100110/bin/../lib/gcc/avr/4.3.3/../../../../avr/lib/avr51\libc.a(log.o)
 .text          0x00006f0c        0x0 c:/winavr-20100110/bin/../lib/gcc/avr/4.3.3/../../../../avr/lib/avr51\libc.a(modf.o)
 .text          0x00006f0c        0x0 c:/winavr-20100110/bin/../lib/gcc/avr/4.3.3/avr51\libgcc.a(_mulsi3.o)
 .text          0x00006f0c        0x0 c:/winavr-20100110/bin/../lib/gcc/avr/4.3.3/avr51\libgcc.a(_exit.o)
 .text          0x00006f0c        0x0 c:/winavr-20100110/bin/../lib/gcc/avr/4.3.3/avr51\libgcc.a(_clear_bss.o)
                0x00006f0c                . = ALIGN (0x2)
 *(.text.*)
 .text.avr-libc
                0x00006f0c       0x38 c:/winavr-20100110/bin/../lib/gcc/avr/4.3.3/../../../../avr/lib/avr51\libc.a(calloc.o)
                0x00006f0c                calloc
 .text.avr-libc
                0x00006f44      0x20a c:/winavr-20100110/bin/../lib/gcc/avr/4.3.3/../../../../avr/lib/avr51\libc.a(malloc.o)
                0x00006f44                malloc
                0x0000709e                free
 .text.avr-libc
                0x0000714e      0x1b8 c:/winavr-20100110/bin/../lib/gcc/avr/4.3.3/../../../../avr/lib/avr51\libc.a(realloc.o)
                0x0000714e                realloc
 .text.avr-libc
                0x00007306        0xa c:/winavr-20100110/bin/../lib/gcc/avr/4.3.3/../../../../avr/lib/avr51\libc.a(abort.o)
                0x00007306                abort
 .text.avr-libc
                0x00007310        0x6 c:/winavr-20100110/bin/../lib/gcc/avr/4.3.3/../../../../avr/lib/avr51\libc.a(exit.o)
                0x00007310                exit
 .text.avr-libc
                0x00007316       0x12 c:/winavr-20100110/bin/../lib/gcc/avr/4.3.3/../../../../avr/lib/avr51\libc.a(memcpy.o)
                0x00007316                memcpy
 .text.avr-libc
                0x00007328        0xe c:/winavr-20100110/bin/../lib/gcc/avr/4.3.3/../../../../avr/lib/avr51\libc.a(memset.o)
                0x00007328                memset
 .text.avr-libc
                0x00007336       0x12 c:/winavr-20100110/bin/../lib/gcc/avr/4.3.3/../../../../avr/lib/avr51\libc.a(strcmp.o)
                0x00007336                strcmp
 .text.avr-libc
                0x00007348        0xe c:/winavr-20100110/bin/../lib/gcc/avr/4.3.3/../../../../avr/lib/avr51\libc.a(strcpy.o)
                0x00007348                strcpy
 .text.avr-libc.fplib
                0x00007356        0xa c:/winavr-20100110/bin/../lib/gcc/avr/4.3.3/../../../../avr/lib/avr51\libc.a(addsf3.o)
                0x00007356                __subsf3
                0x00007358                __addsf3
 .text.avr-libc.fplib
                0x00007360       0xc0 c:/winavr-20100110/bin/../lib/gcc/avr/4.3.3/../../../../avr/lib/avr51\libc.a(addsf3x.o)
                0x0000737a                __addsf3x
 .text.avr-libc.fplib
                0x00007420        0x8 c:/winavr-20100110/bin/../lib/gcc/avr/4.3.3/../../../../avr/lib/avr51\libc.a(cmpsf2.o)
                0x00007420                __lesf2
                0x00007420                __nesf2
                0x00007420                __eqsf2
                0x00007420                __cmpsf2
                0x00007420                __ltsf2
 .text.avr-libc.fplib
                0x00007428        0x4 c:/winavr-20100110/bin/../lib/gcc/avr/4.3.3/../../../../avr/lib/avr51\libc.a(divsf3.o)
                0x00007428                __divsf3
 .text.avr-libc.fplib
                0x0000742c       0xcc c:/winavr-20100110/bin/../lib/gcc/avr/4.3.3/../../../../avr/lib/avr51\libc.a(divsf3x.o)
                0x00007442                __divsf3x
                0x00007446                __divsf3_pse
 .text.avr-libc.fplib
                0x000074f8        0xa c:/winavr-20100110/bin/../lib/gcc/avr/4.3.3/../../../../avr/lib/avr51\libc.a(fixsfsi.o)
                0x000074f8                __fixsfsi
 .text.avr-libc.fplib
                0x00007502       0x58 c:/winavr-20100110/bin/../lib/gcc/avr/4.3.3/../../../../avr/lib/avr51\libc.a(fixunssfsi.o)
                0x00007502                __fixunssfsi
 .text.avr-libc.fplib
                0x0000755a       0x7a c:/winavr-20100110/bin/../lib/gcc/avr/4.3.3/../../../../avr/lib/avr51\libc.a(floatsisf.o)
                0x0000755e                __floatsisf
                0x0000755a                __floatunsisf
 .text.avr-libc.fplib
                0x000075d4       0x26 c:/winavr-20100110/bin/../lib/gcc/avr/4.3.3/../../../../avr/lib/avr51\libc.a(floor.o)
                0x000075d4                floor
 .text.avr-libc.fplib
                0x000075fa       0x48 c:/winavr-20100110/bin/../lib/gcc/avr/4.3.3/../../../../avr/lib/avr51\libc.a(fp_cmp.o)
                0x000075fa                __fp_cmp
 .text.avr-libc.fplib
                0x00007642        0xc c:/winavr-20100110/bin/../lib/gcc/avr/4.3.3/../../../../avr/lib/avr51\libc.a(fp_inf.o)
                0x00007642                __fp_inf
 .text.avr-libc.fplib
                0x0000764e       0x36 c:/winavr-20100110/bin/../lib/gcc/avr/4.3.3/../../../../avr/lib/avr51\libc.a(fp_mintl.o)
                0x0000764e                __fp_mintl
 .text.avr-libc.fplib
                0x00007684       0x1c c:/winavr-20100110/bin/../lib/gcc/avr/4.3.3/../../../../avr/lib/avr51\libc.a(fp_mpack.o)
                0x00007688                __fp_mpack_finite
                0x00007684                __fp_mpack
 .text.avr-libc.fplib
                0x000076a0        0x6 c:/winavr-20100110/bin/../lib/gcc/avr/4.3.3/../../../../avr/lib/avr51\libc.a(fp_nan.o)
                0x000076a0                __fp_nan
 .text.avr-libc.fplib
                0x000076a6        0xe c:/winavr-20100110/bin/../lib/gcc/avr/4.3.3/../../../../avr/lib/avr51\libc.a(fp_pscA.o)
                0x000076a6                __fp_pscA
 .text.avr-libc.fplib
                0x000076b4        0xe c:/winavr-20100110/bin/../lib/gcc/avr/4.3.3/../../../../avr/lib/avr51\libc.a(fp_pscB.o)
                0x000076b4                __fp_pscB
 .text.avr-libc.fplib
                0x000076c2       0x22 c:/winavr-20100110/bin/../lib/gcc/avr/4.3.3/../../../../avr/lib/avr51\libc.a(fp_round.o)
                0x000076c2                __fp_round
 .text.avr-libc.fplib
                0x000076e4       0x44 c:/winavr-20100110/bin/../lib/gcc/avr/4.3.3/../../../../avr/lib/avr51\libc.a(fp_split3.o)
                0x000076e4                __fp_split3
                0x000076f4                __fp_splitA
 .text.avr-libc.fplib
                0x00007728       0x2e c:/winavr-20100110/bin/../lib/gcc/avr/4.3.3/../../../../avr/lib/avr51\libc.a(fp_trunc.o)
                0x00007728                __fp_trunc
 .text.avr-libc.fplib
                0x00007756        0xe c:/winavr-20100110/bin/../lib/gcc/avr/4.3.3/../../../../avr/lib/avr51\libc.a(fp_zero.o)
                0x00007756                __fp_zero
                0x00007758                __fp_szero
 .text.avr-libc.fplib
                0x00007764        0x8 c:/winavr-20100110/bin/../lib/gcc/avr/4.3.3/../../../../avr/lib/avr51\libc.a(gesf2.o)
                0x00007764                __gtsf2
                0x00007764                __gesf2
 .text.avr-libc.fplib
                0x0000776c        0x4 c:/winavr-20100110/bin/../lib/gcc/avr/4.3.3/../../../../avr/lib/avr51\libc.a(mulsf3.o)
                0x0000776c                __mulsf3
 .text.avr-libc.fplib
                0x00007770       0xc2 c:/winavr-20100110/bin/../lib/gcc/avr/4.3.3/../../../../avr/lib/avr51\libc.a(mulsf3x.o)
                0x00007788                __mulsf3_pse
                0x00007784                __mulsf3x
 .text.avr-libc.fplib
                0x00007832       0x98 c:/winavr-20100110/bin/../lib/gcc/avr/4.3.3/../../../../avr/lib/avr51\libc.a(pow.o)
                0x00007832                pow
 .text.avr-libc.fplib
                0x000078ca       0x62 c:/winavr-20100110/bin/../lib/gcc/avr/4.3.3/../../../../avr/lib/avr51\libc.a(exp.o)
                0x000078d4                exp
 .text.avr-libc.fplib
                0x0000792c       0x4a c:/winavr-20100110/bin/../lib/gcc/avr/4.3.3/../../../../avr/lib/avr51\libc.a(fp_powser.o)
                0x0000792c                __fp_powser
 .text.avr-libc.fplib
                0x00007976        0xe c:/winavr-20100110/bin/../lib/gcc/avr/4.3.3/../../../../avr/lib/avr51\libc.a(inverse.o)
                0x00007976                inverse
 .text.avr-libc.fplib
                0x00007984       0x6c c:/winavr-20100110/bin/../lib/gcc/avr/4.3.3/../../../../avr/lib/avr51\libc.a(ldexp.o)
                0x00007988                ldexp
 .text.avr-libc.fplib
                0x000079f0       0x8a c:/winavr-20100110/bin/../lib/gcc/avr/4.3.3/../../../../avr/lib/avr51\libc.a(log.o)
                0x000079fa                log
 .text.avr-libc.fplib
                0x00007a7a       0x66 c:/winavr-20100110/bin/../lib/gcc/avr/4.3.3/../../../../avr/lib/avr51\libc.a(modf.o)
                0x00007a7a                modff
                0x00007a7a                modf
 .text.libgcc   0x00007ae0       0x3e c:/winavr-20100110/bin/../lib/gcc/avr/4.3.3/avr51\libgcc.a(_mulsi3.o)
                0x00007ae0                __mulsi3
 .text.libgcc   0x00007b1e        0x0 c:/winavr-20100110/bin/../lib/gcc/avr/4.3.3/avr51\libgcc.a(_exit.o)
 .text.libgcc   0x00007b1e        0x0 c:/winavr-20100110/bin/../lib/gcc/avr/4.3.3/avr51\libgcc.a(_clear_bss.o)
                0x00007b1e                . = ALIGN (0x2)
 *(.fini9)
 .fini9         0x00007b1e        0x0 c:/winavr-20100110/bin/../lib/gcc/avr/4.3.3/avr51\libgcc.a(_exit.o)
                0x00007b1e                _exit
 *(.fini9)
 *(.fini8)
 *(.fini8)
 *(.fini7)
 *(.fini7)
 *(.fini6)
 *(.fini6)
 *(.fini5)
 *(.fini5)
 *(.fini4)
 *(.fini4)
 *(.fini3)
 *(.fini3)
 *(.fini2)
 *(.fini2)
 *(.fini1)
 *(.fini1)
 *(.fini0)
 .fini0         0x00007b1e        0x4 c:/winavr-20100110/bin/../lib/gcc/avr/4.3.3/avr51\libgcc.a(_exit.o)
 *(.fini0)
                0x00007b22                _etext = .

.data           0x00800100      0x1aa load address 0x00007b22
                0x00800100                PROVIDE (__data_start, .)
 *(.data)
 .data          0x00800100        0x0 c:/winavr-20100110/bin/../lib/gcc/avr/4.3.3/../../../../avr/lib/avr51/crtm128.o
 .data          0x00800100        0x0 adcutil.o
 .data          0x00800100       0x3e main.o
 .data          0x0080013e       0x18 BoolPort.o
 .data          0x00800156       0x12 Controller.o
 .data          0x00800168       0x4f Fmu.o
 .data          0x008001b7       0x50 FmuModel.o
                0x008001fd                threads
                0x008001fb                syncOutAllowed
 .data          0x00800207        0x6 HardwareInterface.o
 .data          0x0080020d       0x18 IntPort.o
 .data          0x00800225       0x12 Port.o
 .data          0x00800237       0x18 RealPort.o
 .data          0x0080024f       0x12 RobotSensor.o
 .data          0x00800261       0x12 RobotServo.o
 .data          0x00800273       0x18 StringPort.o
 .data          0x0080028b        0x6 System.o
 .data          0x00800291       0x12 World.o
 .data          0x008002a3        0x0 CSVLib.o
 .data          0x008002a3        0x0 IOLib.o
 .data          0x008002a3        0x0 MATHLib.o
 .data          0x008002a3        0x0 PatternBindMatch.o
 .data          0x008002a3        0x0 PrettyPrint.o
 .data          0x008002a3        0x0 TypedValue.o
 .data          0x008002a3        0x0 VdmBasicTypes.o
 .data          0x008002a3        0x0 VdmClass.o
 .data          0x008002a3        0x0 VdmGC.o
 .data          0x008002a3        0x0 VdmMap.o
 .data          0x008002a3        0x0 VdmProduct.o
 .data          0x008002a3        0x0 VdmSeq.o
 .data          0x008002a3        0x0 VdmSet.o
 .data          0x008002a3        0x0 VdmUnpackString.o
 .data          0x008002a3        0x0 c:/winavr-20100110/bin/../lib/gcc/avr/4.3.3/../../../../avr/lib/avr51\libc.a(calloc.o)
 .data          0x008002a3        0x6 c:/winavr-20100110/bin/../lib/gcc/avr/4.3.3/../../../../avr/lib/avr51\libc.a(malloc.o)
                0x008002a5                __malloc_heap_start
                0x008002a7                __malloc_heap_end
                0x008002a3                __malloc_margin
 .data          0x008002a9        0x0 c:/winavr-20100110/bin/../lib/gcc/avr/4.3.3/../../../../avr/lib/avr51\libc.a(realloc.o)
 .data          0x008002a9        0x0 c:/winavr-20100110/bin/../lib/gcc/avr/4.3.3/../../../../avr/lib/avr51\libc.a(abort.o)
 .data          0x008002a9        0x0 c:/winavr-20100110/bin/../lib/gcc/avr/4.3.3/../../../../avr/lib/avr51\libc.a(exit.o)
 .data          0x008002a9        0x0 c:/winavr-20100110/bin/../lib/gcc/avr/4.3.3/../../../../avr/lib/avr51\libc.a(memcpy.o)
 .data          0x008002a9        0x0 c:/winavr-20100110/bin/../lib/gcc/avr/4.3.3/../../../../avr/lib/avr51\libc.a(memset.o)
 .data          0x008002a9        0x0 c:/winavr-20100110/bin/../lib/gcc/avr/4.3.3/../../../../avr/lib/avr51\libc.a(strcmp.o)
 .data          0x008002a9        0x0 c:/winavr-20100110/bin/../lib/gcc/avr/4.3.3/../../../../avr/lib/avr51\libc.a(strcpy.o)
 .data          0x008002a9        0x0 c:/winavr-20100110/bin/../lib/gcc/avr/4.3.3/../../../../avr/lib/avr51\libc.a(addsf3.o)
 .data          0x008002a9        0x0 c:/winavr-20100110/bin/../lib/gcc/avr/4.3.3/../../../../avr/lib/avr51\libc.a(addsf3x.o)
 .data          0x008002a9        0x0 c:/winavr-20100110/bin/../lib/gcc/avr/4.3.3/../../../../avr/lib/avr51\libc.a(cmpsf2.o)
 .data          0x008002a9        0x0 c:/winavr-20100110/bin/../lib/gcc/avr/4.3.3/../../../../avr/lib/avr51\libc.a(divsf3.o)
 .data          0x008002a9        0x0 c:/winavr-20100110/bin/../lib/gcc/avr/4.3.3/../../../../avr/lib/avr51\libc.a(divsf3x.o)
 .data          0x008002a9        0x0 c:/winavr-20100110/bin/../lib/gcc/avr/4.3.3/../../../../avr/lib/avr51\libc.a(fixsfsi.o)
 .data          0x008002a9        0x0 c:/winavr-20100110/bin/../lib/gcc/avr/4.3.3/../../../../avr/lib/avr51\libc.a(fixunssfsi.o)
 .data          0x008002a9        0x0 c:/winavr-20100110/bin/../lib/gcc/avr/4.3.3/../../../../avr/lib/avr51\libc.a(floatsisf.o)
 .data          0x008002a9        0x0 c:/winavr-20100110/bin/../lib/gcc/avr/4.3.3/../../../../avr/lib/avr51\libc.a(floor.o)
 .data          0x008002a9        0x0 c:/winavr-20100110/bin/../lib/gcc/avr/4.3.3/../../../../avr/lib/avr51\libc.a(fp_cmp.o)
 .data          0x008002a9        0x0 c:/winavr-20100110/bin/../lib/gcc/avr/4.3.3/../../../../avr/lib/avr51\libc.a(fp_inf.o)
 .data          0x008002a9        0x0 c:/winavr-20100110/bin/../lib/gcc/avr/4.3.3/../../../../avr/lib/avr51\libc.a(fp_mintl.o)
 .data          0x008002a9        0x0 c:/winavr-20100110/bin/../lib/gcc/avr/4.3.3/../../../../avr/lib/avr51\libc.a(fp_mpack.o)
 .data          0x008002a9        0x0 c:/winavr-20100110/bin/../lib/gcc/avr/4.3.3/../../../../avr/lib/avr51\libc.a(fp_nan.o)
 .data          0x008002a9        0x0 c:/winavr-20100110/bin/../lib/gcc/avr/4.3.3/../../../../avr/lib/avr51\libc.a(fp_pscA.o)
 .data          0x008002a9        0x0 c:/winavr-20100110/bin/../lib/gcc/avr/4.3.3/../../../../avr/lib/avr51\libc.a(fp_pscB.o)
 .data          0x008002a9        0x0 c:/winavr-20100110/bin/../lib/gcc/avr/4.3.3/../../../../avr/lib/avr51\libc.a(fp_round.o)
 .data          0x008002a9        0x0 c:/winavr-20100110/bin/../lib/gcc/avr/4.3.3/../../../../avr/lib/avr51\libc.a(fp_split3.o)
 .data          0x008002a9        0x0 c:/winavr-20100110/bin/../lib/gcc/avr/4.3.3/../../../../avr/lib/avr51\libc.a(fp_trunc.o)
 .data          0x008002a9        0x0 c:/winavr-20100110/bin/../lib/gcc/avr/4.3.3/../../../../avr/lib/avr51\libc.a(fp_zero.o)
 .data          0x008002a9        0x0 c:/winavr-20100110/bin/../lib/gcc/avr/4.3.3/../../../../avr/lib/avr51\libc.a(gesf2.o)
 .data          0x008002a9        0x0 c:/winavr-20100110/bin/../lib/gcc/avr/4.3.3/../../../../avr/lib/avr51\libc.a(mulsf3.o)
 .data          0x008002a9        0x0 c:/winavr-20100110/bin/../lib/gcc/avr/4.3.3/../../../../avr/lib/avr51\libc.a(mulsf3x.o)
 .data          0x008002a9        0x0 c:/winavr-20100110/bin/../lib/gcc/avr/4.3.3/../../../../avr/lib/avr51\libc.a(pow.o)
 .data          0x008002a9        0x0 c:/winavr-20100110/bin/../lib/gcc/avr/4.3.3/../../../../avr/lib/avr51\libc.a(exp.o)
 .data          0x008002a9        0x0 c:/winavr-20100110/bin/../lib/gcc/avr/4.3.3/../../../../avr/lib/avr51\libc.a(fp_powser.o)
 .data          0x008002a9        0x0 c:/winavr-20100110/bin/../lib/gcc/avr/4.3.3/../../../../avr/lib/avr51\libc.a(inverse.o)
 .data          0x008002a9        0x0 c:/winavr-20100110/bin/../lib/gcc/avr/4.3.3/../../../../avr/lib/avr51\libc.a(ldexp.o)
 .data          0x008002a9        0x0 c:/winavr-20100110/bin/../lib/gcc/avr/4.3.3/../../../../avr/lib/avr51\libc.a(log.o)
 .data          0x008002a9        0x0 c:/winavr-20100110/bin/../lib/gcc/avr/4.3.3/../../../../avr/lib/avr51\libc.a(modf.o)
 .data          0x008002a9        0x0 c:/winavr-20100110/bin/../lib/gcc/avr/4.3.3/avr51\libgcc.a(_mulsi3.o)
 .data          0x008002a9        0x0 c:/winavr-20100110/bin/../lib/gcc/avr/4.3.3/avr51\libgcc.a(_exit.o)
 .data          0x008002a9        0x0 c:/winavr-20100110/bin/../lib/gcc/avr/4.3.3/avr51\libgcc.a(_clear_bss.o)
 *(.data*)
 *(.rodata)
 *(.rodata*)
 *(.gnu.linkonce.d*)
                0x008002aa                . = ALIGN (0x2)
 *fill*         0x008002a9        0x1 00
                0x008002aa                _edata = .
                0x008002aa                PROVIDE (__data_end, .)

.bss            0x008002aa       0xb6
                0x008002aa                PROVIDE (__bss_start, .)
 *(.bss)
 .bss           0x008002aa        0x0 c:/winavr-20100110/bin/../lib/gcc/avr/4.3.3/../../../../avr/lib/avr51/crtm128.o
 .bss           0x008002aa        0x0 adcutil.o
 .bss           0x008002aa        0x0 main.o
 .bss           0x008002aa       0x12 BoolPort.o
 .bss           0x008002bc        0x2 Controller.o
                0x008002bc                numFields_3
 .bss           0x008002be        0x2 Fmu.o
                0x008002be                terminateSystemThread
                0x008002bf                isTerminated
 .bss           0x008002c0        0x6 FmuModel.o
                0x008002c0                sys
                0x008002c2                maxStepSize
 .bss           0x008002c6        0x8 HardwareInterface.o
                0x008002c8                g_HardwareInterface_forwardSpeed
                0x008002c6                numFields_6
                0x008002ca                g_HardwareInterface_forwardRotate
                0x008002cc                g_HardwareInterface_backwardRotate
 .bss           0x008002ce       0x12 IntPort.o
 .bss           0x008002e0        0x2 Port.o
                0x008002e0                numFields_2
 .bss           0x008002e2       0x12 RealPort.o
 .bss           0x008002f4        0x2 RobotSensor.o
                0x008002f4                numFields_1
 .bss           0x008002f6        0x2 RobotServo.o
                0x008002f6                numFields_7
 .bss           0x008002f8       0x12 StringPort.o
 .bss           0x0080030a        0x6 System.o
                0x0080030c                g_System_hwi
                0x0080030e                g_System_controller
                0x0080030a                numFields_4
 .bss           0x00800310        0x2 World.o
                0x00800310                numFields_5
 .bss           0x00800312        0x2 CSVLib.o
                0x00800312                resourcesLocation
 .bss           0x00800314        0x0 IOLib.o
 .bss           0x00800314        0x0 MATHLib.o
 .bss           0x00800314        0x0 PatternBindMatch.o
 .bss           0x00800314        0x0 PrettyPrint.o
 .bss           0x00800314        0x0 TypedValue.o
 .bss           0x00800314        0x0 VdmBasicTypes.o
 .bss           0x00800314        0x0 VdmClass.o
 .bss           0x00800314        0x4 VdmGC.o
                0x00800316                allocd_mem_tail
                0x00800314                allocd_mem_head
 .bss           0x00800318        0x0 VdmMap.o
 .bss           0x00800318        0x0 VdmProduct.o
 .bss           0x00800318        0x0 VdmSeq.o
 .bss           0x00800318        0x0 VdmSet.o
 .bss           0x00800318        0x0 VdmUnpackString.o
 .bss           0x00800318        0x0 c:/winavr-20100110/bin/../lib/gcc/avr/4.3.3/../../../../avr/lib/avr51\libc.a(calloc.o)
 .bss           0x00800318        0x0 c:/winavr-20100110/bin/../lib/gcc/avr/4.3.3/../../../../avr/lib/avr51\libc.a(malloc.o)
 .bss           0x00800318        0x0 c:/winavr-20100110/bin/../lib/gcc/avr/4.3.3/../../../../avr/lib/avr51\libc.a(realloc.o)
 .bss           0x00800318        0x0 c:/winavr-20100110/bin/../lib/gcc/avr/4.3.3/../../../../avr/lib/avr51\libc.a(abort.o)
 .bss           0x00800318        0x0 c:/winavr-20100110/bin/../lib/gcc/avr/4.3.3/../../../../avr/lib/avr51\libc.a(exit.o)
 .bss           0x00800318        0x0 c:/winavr-20100110/bin/../lib/gcc/avr/4.3.3/../../../../avr/lib/avr51\libc.a(memcpy.o)
 .bss           0x00800318        0x0 c:/winavr-20100110/bin/../lib/gcc/avr/4.3.3/../../../../avr/lib/avr51\libc.a(memset.o)
 .bss           0x00800318        0x0 c:/winavr-20100110/bin/../lib/gcc/avr/4.3.3/../../../../avr/lib/avr51\libc.a(strcmp.o)
 .bss           0x00800318        0x0 c:/winavr-20100110/bin/../lib/gcc/avr/4.3.3/../../../../avr/lib/avr51\libc.a(strcpy.o)
 .bss           0x00800318        0x0 c:/winavr-20100110/bin/../lib/gcc/avr/4.3.3/../../../../avr/lib/avr51\libc.a(addsf3.o)
 .bss           0x00800318        0x0 c:/winavr-20100110/bin/../lib/gcc/avr/4.3.3/../../../../avr/lib/avr51\libc.a(addsf3x.o)
 .bss           0x00800318        0x0 c:/winavr-20100110/bin/../lib/gcc/avr/4.3.3/../../../../avr/lib/avr51\libc.a(cmpsf2.o)
 .bss           0x00800318        0x0 c:/winavr-20100110/bin/../lib/gcc/avr/4.3.3/../../../../avr/lib/avr51\libc.a(divsf3.o)
 .bss           0x00800318        0x0 c:/winavr-20100110/bin/../lib/gcc/avr/4.3.3/../../../../avr/lib/avr51\libc.a(divsf3x.o)
 .bss           0x00800318        0x0 c:/winavr-20100110/bin/../lib/gcc/avr/4.3.3/../../../../avr/lib/avr51\libc.a(fixsfsi.o)
 .bss           0x00800318        0x0 c:/winavr-20100110/bin/../lib/gcc/avr/4.3.3/../../../../avr/lib/avr51\libc.a(fixunssfsi.o)
 .bss           0x00800318        0x0 c:/winavr-20100110/bin/../lib/gcc/avr/4.3.3/../../../../avr/lib/avr51\libc.a(floatsisf.o)
 .bss           0x00800318        0x0 c:/winavr-20100110/bin/../lib/gcc/avr/4.3.3/../../../../avr/lib/avr51\libc.a(floor.o)
 .bss           0x00800318        0x0 c:/winavr-20100110/bin/../lib/gcc/avr/4.3.3/../../../../avr/lib/avr51\libc.a(fp_cmp.o)
 .bss           0x00800318        0x0 c:/winavr-20100110/bin/../lib/gcc/avr/4.3.3/../../../../avr/lib/avr51\libc.a(fp_inf.o)
 .bss           0x00800318        0x0 c:/winavr-20100110/bin/../lib/gcc/avr/4.3.3/../../../../avr/lib/avr51\libc.a(fp_mintl.o)
 .bss           0x00800318        0x0 c:/winavr-20100110/bin/../lib/gcc/avr/4.3.3/../../../../avr/lib/avr51\libc.a(fp_mpack.o)
 .bss           0x00800318        0x0 c:/winavr-20100110/bin/../lib/gcc/avr/4.3.3/../../../../avr/lib/avr51\libc.a(fp_nan.o)
 .bss           0x00800318        0x0 c:/winavr-20100110/bin/../lib/gcc/avr/4.3.3/../../../../avr/lib/avr51\libc.a(fp_pscA.o)
 .bss           0x00800318        0x0 c:/winavr-20100110/bin/../lib/gcc/avr/4.3.3/../../../../avr/lib/avr51\libc.a(fp_pscB.o)
 .bss           0x00800318        0x0 c:/winavr-20100110/bin/../lib/gcc/avr/4.3.3/../../../../avr/lib/avr51\libc.a(fp_round.o)
 .bss           0x00800318        0x0 c:/winavr-20100110/bin/../lib/gcc/avr/4.3.3/../../../../avr/lib/avr51\libc.a(fp_split3.o)
 .bss           0x00800318        0x0 c:/winavr-20100110/bin/../lib/gcc/avr/4.3.3/../../../../avr/lib/avr51\libc.a(fp_trunc.o)
 .bss           0x00800318        0x0 c:/winavr-20100110/bin/../lib/gcc/avr/4.3.3/../../../../avr/lib/avr51\libc.a(fp_zero.o)
 .bss           0x00800318        0x0 c:/winavr-20100110/bin/../lib/gcc/avr/4.3.3/../../../../avr/lib/avr51\libc.a(gesf2.o)
 .bss           0x00800318        0x0 c:/winavr-20100110/bin/../lib/gcc/avr/4.3.3/../../../../avr/lib/avr51\libc.a(mulsf3.o)
 .bss           0x00800318        0x0 c:/winavr-20100110/bin/../lib/gcc/avr/4.3.3/../../../../avr/lib/avr51\libc.a(mulsf3x.o)
 .bss           0x00800318        0x0 c:/winavr-20100110/bin/../lib/gcc/avr/4.3.3/../../../../avr/lib/avr51\libc.a(pow.o)
 .bss           0x00800318        0x0 c:/winavr-20100110/bin/../lib/gcc/avr/4.3.3/../../../../avr/lib/avr51\libc.a(exp.o)
 .bss           0x00800318        0x0 c:/winavr-20100110/bin/../lib/gcc/avr/4.3.3/../../../../avr/lib/avr51\libc.a(fp_powser.o)
 .bss           0x00800318        0x0 c:/winavr-20100110/bin/../lib/gcc/avr/4.3.3/../../../../avr/lib/avr51\libc.a(inverse.o)
 .bss           0x00800318        0x0 c:/winavr-20100110/bin/../lib/gcc/avr/4.3.3/../../../../avr/lib/avr51\libc.a(ldexp.o)
 .bss           0x00800318        0x0 c:/winavr-20100110/bin/../lib/gcc/avr/4.3.3/../../../../avr/lib/avr51\libc.a(log.o)
 .bss           0x00800318        0x0 c:/winavr-20100110/bin/../lib/gcc/avr/4.3.3/../../../../avr/lib/avr51\libc.a(modf.o)
 .bss           0x00800318        0x0 c:/winavr-20100110/bin/../lib/gcc/avr/4.3.3/avr51\libgcc.a(_mulsi3.o)
 .bss           0x00800318        0x0 c:/winavr-20100110/bin/../lib/gcc/avr/4.3.3/avr51\libgcc.a(_exit.o)
 .bss           0x00800318        0x0 c:/winavr-20100110/bin/../lib/gcc/avr/4.3.3/avr51\libgcc.a(_clear_bss.o)
 *(.bss*)
 *(COMMON)
 COMMON         0x00800318       0x44 Fmu.o
                0x00800318                g_fmiCallbackFunctions
                0x0080031a                fmiBuffer
                0x0080035a                g_fmiInstanceName
 COMMON         0x0080035c        0x4 c:/winavr-20100110/bin/../lib/gcc/avr/4.3.3/../../../../avr/lib/avr51\libc.a(malloc.o)
                0x0080035c                __brkval
                0x0080035e                __flp
                0x00800360                PROVIDE (__bss_end, .)
                0x00007b22                __data_load_start = LOADADDR (.data)
                0x00007ccc                __data_load_end = (__data_load_start + SIZEOF (.data))

.noinit         0x00800360        0x0
                0x00800360                PROVIDE (__noinit_start, .)
 *(.noinit*)
                0x00800360                PROVIDE (__noinit_end, .)
                0x00800360                _end = .
                0x00800360                PROVIDE (__heap_start, .)

.eeprom         0x00810000        0x0
 *(.eeprom*)
                0x00810000                __eeprom_end = .

.fuse
 *(.fuse)
 *(.lfuse)
 *(.hfuse)
 *(.efuse)

.lock
 *(.lock*)

.signature
 *(.signature*)

.stab
 *(.stab)

.stabstr
 *(.stabstr)

.stab.excl
 *(.stab.excl)

.stab.exclstr
 *(.stab.exclstr)

.stab.index
 *(.stab.index)

.stab.indexstr
 *(.stab.indexstr)

.comment
 *(.comment)

.debug
 *(.debug)

.line
 *(.line)

.debug_srcinfo
 *(.debug_srcinfo)

.debug_sfnames
 *(.debug_sfnames)

.debug_aranges  0x00000000      0x2c0
 *(.debug_aranges)
 .debug_aranges
                0x00000000       0x20 adcutil.o
 .debug_aranges
                0x00000020       0x20 main.o
 .debug_aranges
                0x00000040       0x20 BoolPort.o
 .debug_aranges
                0x00000060       0x20 Controller.o
 .debug_aranges
                0x00000080       0x20 Fmu.o
 .debug_aranges
                0x000000a0       0x20 FmuModel.o
 .debug_aranges
                0x000000c0       0x20 HardwareInterface.o
 .debug_aranges
                0x000000e0       0x20 IntPort.o
 .debug_aranges
                0x00000100       0x20 Port.o
 .debug_aranges
                0x00000120       0x20 RealPort.o
 .debug_aranges
                0x00000140       0x20 RobotSensor.o
 .debug_aranges
                0x00000160       0x20 RobotServo.o
 .debug_aranges
                0x00000180       0x20 StringPort.o
 .debug_aranges
                0x000001a0       0x20 System.o
 .debug_aranges
                0x000001c0       0x20 World.o
 .debug_aranges
                0x000001e0       0x20 TypedValue.o
 .debug_aranges
                0x00000200       0x20 VdmBasicTypes.o
 .debug_aranges
                0x00000220       0x20 VdmClass.o
 .debug_aranges
                0x00000240       0x20 VdmGC.o
 .debug_aranges
                0x00000260       0x20 VdmSeq.o
 .debug_aranges
                0x00000280       0x20 VdmSet.o
 .debug_aranges
                0x000002a0       0x20 VdmUnpackString.o

.debug_pubnames
                0x00000000     0x1a46
 *(.debug_pubnames)
 .debug_pubnames
                0x00000000       0x2a adcutil.o
 .debug_pubnames
                0x0000002a       0x2e main.o
 .debug_pubnames
                0x00000058       0xd2 BoolPort.o
 .debug_pubnames
                0x0000012a      0x129 Controller.o
 .debug_pubnames
                0x00000253      0x38f Fmu.o
 .debug_pubnames
                0x000005e2       0xeb FmuModel.o
 .debug_pubnames
                0x000006cd      0x182 HardwareInterface.o
 .debug_pubnames
                0x0000084f       0xca IntPort.o
 .debug_pubnames
                0x00000919       0xb4 Port.o
 .debug_pubnames
                0x000009cd       0xd2 RealPort.o
 .debug_pubnames
                0x00000a9f      0x105 RobotSensor.o
 .debug_pubnames
                0x00000ba4       0xfd RobotServo.o
 .debug_pubnames
                0x00000ca1       0xe6 StringPort.o
 .debug_pubnames
                0x00000d87       0xeb System.o
 .debug_pubnames
                0x00000e72       0xbb World.o
 .debug_pubnames
                0x00000f2d       0x28 CSVLib.o
 .debug_pubnames
                0x00000f55      0x1e2 TypedValue.o
 .debug_pubnames
                0x00001137      0x333 VdmBasicTypes.o
 .debug_pubnames
                0x0000146a       0x24 VdmClass.o
 .debug_pubnames
                0x0000148e      0x13a VdmGC.o
 .debug_pubnames
                0x000015c8      0x192 VdmSeq.o
 .debug_pubnames
                0x0000175a      0x2c9 VdmSet.o
 .debug_pubnames
                0x00001a23       0x23 VdmUnpackString.o

.debug_info     0x00000000     0xa5a3
 *(.debug_info)
 .debug_info    0x00000000       0xae adcutil.o
 .debug_info    0x000000ae      0x411 main.o
 .debug_info    0x000004bf      0x5d7 BoolPort.o
 .debug_info    0x00000a96      0x770 Controller.o
 .debug_info    0x00001206      0xfa4 Fmu.o
 .debug_info    0x000021aa      0x92b FmuModel.o
 .debug_info    0x00002ad5      0x666 HardwareInterface.o
 .debug_info    0x0000313b      0x5d7 IntPort.o
 .debug_info    0x00003712      0x49b Port.o
 .debug_info    0x00003bad      0x5d7 RealPort.o
 .debug_info    0x00004184      0x559 RobotSensor.o
 .debug_info    0x000046dd      0x559 RobotServo.o
 .debug_info    0x00004c36      0x5d7 StringPort.o
 .debug_info    0x0000520d      0x56d System.o
 .debug_info    0x0000577a      0x487 World.o
 .debug_info    0x00005c01       0x8b CSVLib.o
 .debug_info    0x00005c8c       0x73 IOLib.o
 .debug_info    0x00005cff       0x73 MATHLib.o
 .debug_info    0x00005d72       0x73 PatternBindMatch.o
 .debug_info    0x00005de5       0x73 PrettyPrint.o
 .debug_info    0x00005e58      0xb12 TypedValue.o
 .debug_info    0x0000696a     0x1130 VdmBasicTypes.o
 .debug_info    0x00007a9a      0x14a VdmClass.o
 .debug_info    0x00007be4      0x676 VdmGC.o
 .debug_info    0x0000825a       0x73 VdmMap.o
 .debug_info    0x000082cd       0x73 VdmProduct.o
 .debug_info    0x00008340      0xc67 VdmSeq.o
 .debug_info    0x00008fa7     0x1406 VdmSet.o
 .debug_info    0x0000a3ad      0x1f6 VdmUnpackString.o
 *(.gnu.linkonce.wi.*)

.debug_abbrev   0x00000000     0x2a2a
 *(.debug_abbrev)
 .debug_abbrev  0x00000000       0x70 adcutil.o
 .debug_abbrev  0x00000070      0x1aa main.o
 .debug_abbrev  0x0000021a      0x214 BoolPort.o
 .debug_abbrev  0x0000042e      0x246 Controller.o
 .debug_abbrev  0x00000674      0x1f8 Fmu.o
 .debug_abbrev  0x0000086c      0x1cb FmuModel.o
 .debug_abbrev  0x00000a37      0x24c HardwareInterface.o
 .debug_abbrev  0x00000c83      0x214 IntPort.o
 .debug_abbrev  0x00000e97      0x25b Port.o
 .debug_abbrev  0x000010f2      0x214 RealPort.o
 .debug_abbrev  0x00001306      0x247 RobotSensor.o
 .debug_abbrev  0x0000154d      0x230 RobotServo.o
 .debug_abbrev  0x0000177d      0x214 StringPort.o
 .debug_abbrev  0x00001991      0x226 System.o
 .debug_abbrev  0x00001bb7      0x235 World.o
 .debug_abbrev  0x00001dec       0x44 CSVLib.o
 .debug_abbrev  0x00001e30       0x2a IOLib.o
 .debug_abbrev  0x00001e5a       0x2a MATHLib.o
 .debug_abbrev  0x00001e84       0x2a PatternBindMatch.o
 .debug_abbrev  0x00001eae       0x2a PrettyPrint.o
 .debug_abbrev  0x00001ed8      0x1c7 TypedValue.o
 .debug_abbrev  0x0000209f      0x16b VdmBasicTypes.o
 .debug_abbrev  0x0000220a       0xbb VdmClass.o
 .debug_abbrev  0x000022c5      0x1de VdmGC.o
 .debug_abbrev  0x000024a3       0x2a VdmMap.o
 .debug_abbrev  0x000024cd       0x2a VdmProduct.o
 .debug_abbrev  0x000024f7      0x27c VdmSeq.o
 .debug_abbrev  0x00002773      0x1cf VdmSet.o
 .debug_abbrev  0x00002942       0xe8 VdmUnpackString.o

.debug_line     0x00000000     0x5cd2
 *(.debug_line)
 .debug_line    0x00000000       0xdf adcutil.o
 .debug_line    0x000000df      0x349 main.o
 .debug_line    0x00000428      0x2be BoolPort.o
 .debug_line    0x000006e6      0x42a Controller.o
 .debug_line    0x00000b10      0x454 Fmu.o
 .debug_line    0x00000f64      0x57e FmuModel.o
 .debug_line    0x000014e2      0x2d1 HardwareInterface.o
 .debug_line    0x000017b3      0x2bc IntPort.o
 .debug_line    0x00001a6f      0x1f6 Port.o
 .debug_line    0x00001c65      0x2be RealPort.o
 .debug_line    0x00001f23      0x281 RobotSensor.o
 .debug_line    0x000021a4      0x27f RobotServo.o
 .debug_line    0x00002423      0x2c2 StringPort.o
 .debug_line    0x000026e5      0x240 System.o
 .debug_line    0x00002925      0x200 World.o
 .debug_line    0x00002b25       0x5e CSVLib.o
 .debug_line    0x00002b83       0x3e IOLib.o
 .debug_line    0x00002bc1       0x3e MATHLib.o
 .debug_line    0x00002bff       0x3e PatternBindMatch.o
 .debug_line    0x00002c3d       0x3e PrettyPrint.o
 .debug_line    0x00002c7b      0x748 TypedValue.o
 .debug_line    0x000033c3      0xc77 VdmBasicTypes.o
 .debug_line    0x0000403a       0xb6 VdmClass.o
 .debug_line    0x000040f0      0x4e1 VdmGC.o
 .debug_line    0x000045d1       0x3e VdmMap.o
 .debug_line    0x0000460f       0x3e VdmProduct.o
 .debug_line    0x0000464d      0x6c4 VdmSeq.o
 .debug_line    0x00004d11      0xf02 VdmSet.o
 .debug_line    0x00005c13       0xbf VdmUnpackString.o

.debug_frame    0x00000000     0x15a0
 *(.debug_frame)
 .debug_frame   0x00000000       0x30 adcutil.o
 .debug_frame   0x00000030       0x30 main.o
 .debug_frame   0x00000060       0xe0 BoolPort.o
 .debug_frame   0x00000140       0xc0 Controller.o
 .debug_frame   0x00000200      0x240 Fmu.o
 .debug_frame   0x00000440       0x80 FmuModel.o
 .debug_frame   0x000004c0       0x90 HardwareInterface.o
 .debug_frame   0x00000550       0xe0 IntPort.o
 .debug_frame   0x00000630       0xb0 Port.o
 .debug_frame   0x000006e0       0xe0 RealPort.o
 .debug_frame   0x000007c0       0xc0 RobotSensor.o
 .debug_frame   0x00000880       0xc0 RobotServo.o
 .debug_frame   0x00000940       0xe0 StringPort.o
 .debug_frame   0x00000a20       0x90 System.o
 .debug_frame   0x00000ab0       0xb0 World.o
 .debug_frame   0x00000b60      0x1a0 TypedValue.o
 .debug_frame   0x00000d00      0x380 VdmBasicTypes.o
 .debug_frame   0x00001080       0x20 VdmClass.o
 .debug_frame   0x000010a0       0xf0 VdmGC.o
 .debug_frame   0x00001190      0x190 VdmSeq.o
 .debug_frame   0x00001320      0x260 VdmSet.o
 .debug_frame   0x00001580       0x20 VdmUnpackString.o

.debug_str      0x00000000     0x298a
 *(.debug_str)
 .debug_str     0x00000000       0xb9 adcutil.o
                                 0xed (size before relaxing)
 .debug_str     0x000000b9      0x252 main.o
                                0x31f (size before relaxing)
 .debug_str     0x0000030b      0x302 BoolPort.o
                                0x406 (size before relaxing)
 .debug_str     0x0000060d      0x446 Controller.o
                                0x6c0 (size before relaxing)
 .debug_str     0x00000a53      0x4e4 Fmu.o
                                0x78c (size before relaxing)
 .debug_str     0x00000f37      0x266 FmuModel.o
                                0x80f (size before relaxing)
 .debug_str     0x0000119d      0x256 HardwareInterface.o
                                0x5e4 (size before relaxing)
 .debug_str     0x000013f3      0x185 IntPort.o
                                0x3f4 (size before relaxing)
 .debug_str     0x00001578       0x6f Port.o
                                0x334 (size before relaxing)
 .debug_str     0x000015e7      0x142 RealPort.o
                                0x406 (size before relaxing)
 .debug_str     0x00001729      0x156 RobotSensor.o
                                0x45d (size before relaxing)
 .debug_str     0x0000187f      0x145 RobotServo.o
                                0x446 (size before relaxing)
 .debug_str     0x000019c4      0x1c0 StringPort.o
                                0x432 (size before relaxing)
 .debug_str     0x00001b84      0x160 System.o
                                0x4e2 (size before relaxing)
 .debug_str     0x00001ce4       0xf1 World.o
                                0x337 (size before relaxing)
 .debug_str     0x00001dd5       0x1d CSVLib.o
                                0x100 (size before relaxing)
 .debug_str     0x00001df2       0x1c IOLib.o
                                 0xed (size before relaxing)
 .debug_str     0x00001e0e       0x1e MATHLib.o
                                 0xef (size before relaxing)
 .debug_str     0x00001e2c       0x27 PatternBindMatch.o
                                 0xf8 (size before relaxing)
 .debug_str     0x00001e53       0x22 PrettyPrint.o
                                 0xf3 (size before relaxing)
 .debug_str     0x00001e75      0x1f5 TypedValue.o
                                0x3e2 (size before relaxing)
 .debug_str     0x0000206a      0x272 VdmBasicTypes.o
                                0x412 (size before relaxing)
 .debug_str     0x000022dc       0x2d VdmClass.o
                                0x13a (size before relaxing)
 .debug_str     0x00002309      0x133 VdmGC.o
                                0x33c (size before relaxing)
 .debug_str     0x0000243c       0x1d VdmMap.o
                                 0xee (size before relaxing)
 .debug_str     0x00002459       0x21 VdmProduct.o
                                 0xf2 (size before relaxing)
 .debug_str     0x0000247a      0x1e4 VdmSeq.o
                                0x3d9 (size before relaxing)
 .debug_str     0x0000265e      0x2f1 VdmSet.o
                                0x527 (size before relaxing)
 .debug_str     0x0000294f       0x3b VdmUnpackString.o
                                0x1e6 (size before relaxing)

.debug_loc      0x00000000     0x86ff
 *(.debug_loc)
 .debug_loc     0x00000000       0x13 adcutil.o
 .debug_loc     0x00000013       0x40 main.o
 .debug_loc     0x00000053      0x210 BoolPort.o
 .debug_loc     0x00000263      0x3b8 Controller.o
 .debug_loc     0x0000061b      0x7ac Fmu.o
 .debug_loc     0x00000dc7      0x234 FmuModel.o
 .debug_loc     0x00000ffb      0x110 HardwareInterface.o
 .debug_loc     0x0000110b      0x210 IntPort.o
 .debug_loc     0x0000131b      0x110 Port.o
 .debug_loc     0x0000142b      0x210 RealPort.o
 .debug_loc     0x0000163b      0x1b8 RobotSensor.o
 .debug_loc     0x000017f3      0x1e0 RobotServo.o
 .debug_loc     0x000019d3      0x210 StringPort.o
 .debug_loc     0x00001be3      0x158 System.o
 .debug_loc     0x00001d3b      0x110 World.o
 .debug_loc     0x00001e4b      0xdb8 TypedValue.o
 .debug_loc     0x00002c03     0x1eec VdmBasicTypes.o
 .debug_loc     0x00004aef       0xc8 VdmClass.o
 .debug_loc     0x00004bb7      0x7a4 VdmGC.o
 .debug_loc     0x0000535b      0xdd2 VdmSeq.o
 .debug_loc     0x0000612d     0x257a VdmSet.o
 .debug_loc     0x000086a7       0x58 VdmUnpackString.o

.debug_macinfo
 *(.debug_macinfo)
OUTPUT(AURobot.elf elf32-avr)
LOAD linker stubs

.debug_ranges   0x00000000       0x48
 .debug_ranges  0x00000000       0x48 main.o
